**********************
Windows PowerShell transcript start
Start time: 20260329115642
Username: DESKTOP-0FG1AOJ\mbals
RunAs User: DESKTOP-0FG1AOJ\mbals
Configuration Name: 
Machine: DESKTOP-0FG1AOJ (Microsoft Windows NT 10.0.19045.0)
Host Application: C:\Windows\System32\WindowsPowerShell\v1.0\powershell.exe -NoProfile -ExecutionPolicy Bypass -Command & 'D:\css\main\run-daily-pipeline.ps1'
Process ID: 25792
PSVersion: 5.1.19041.6456
PSEdition: Desktop
PSCompatibleVersions: 1.0, 2.0, 3.0, 4.0, 5.0, 5.1.19041.6456
BuildVersion: 10.0.19041.6456
CLRVersion: 4.0.30319.42000
WSManStackVersion: 3.0
PSRemotingProtocolVersion: 2.3
SerializationVersion: 1.1.0.1
**********************

==> Resolved pipeline script
D:\css\main\pipeline\tools\full_pipeline.ps1

==> Running full pipeline in incremental mode only


==> Incremental pipeline completed successfully

==> Running publish-web-data


==> Incremental pipeline + publish complete
Mode: incremental
Log file: D:\css\main\logs\daily-pipeline-incremental-2026-03-29_11-56-42.log
**********************
Windows PowerShell transcript end
End time: 20260329120219
**********************
